// Jest Snapshot v1, https://goo.gl/fbAQLP

exports[`/profile/ladderSummary/:regionId/:realmId/:profileId (Redis enabled) response is cached correctly 1`] = `"{\\"status\\":200,\\"data\\":{\\"showCaseEntries\\":[{\\"ladderId\\":\\"sample ladder summary object\\"}]}}"`;

exports[`/profile/ladderSummary/:regionId/:realmId/:profileId (Redis enabled) returns correct response 1`] = `"{\\"status\\":200,\\"data\\":{\\"showCaseEntries\\":[{\\"ladderId\\":\\"sample ladder summary object\\",\\"localizedDivisionName\\":\\"\\",\\"rank\\":\\"\\",\\"wins\\":\\"\\",\\"losses\\":\\"\\"}]}}"`;

exports[`/profile/ladderSummary/:regionId/:realmId/:profileId (Redis enabled) returns correct response when refresh is set to true 1`] = `"{\\"status\\":200,\\"data\\":{\\"showCaseEntries\\":[{\\"ladderId\\":\\"sample ladder summary object\\",\\"localizedDivisionName\\":\\"\\",\\"rank\\":\\"\\",\\"wins\\":\\"\\",\\"losses\\":\\"\\"}]}}"`;
