// Jest Snapshot v1, https://goo.gl/fbAQLP

exports[`/profile/ladder/:regionId/:realmId/:profileId/:ladderId (Redis enabled) response is cached correctly 1`] = `"{\\"status\\":200,\\"data\\":{\\"ladderTeams\\":[{\\"teamMembers\\":[{\\"displayName\\":\\"sample ladder object\\"}]}]}}"`;

exports[`/profile/ladder/:regionId/:realmId/:profileId/:ladderId (Redis enabled) returns correct response 1`] = `"{\\"status\\":200,\\"data\\":{\\"ladderTeams\\":[{\\"teamMembers\\":[{\\"id\\":\\"\\",\\"displayName\\":\\"sample ladder object\\",\\"clanTag\\":\\"\\"}],\\"previousRank\\":\\"\\",\\"points\\":\\"\\",\\"wins\\":\\"\\",\\"losses\\":\\"\\",\\"mmr\\":\\"\\",\\"joinTimestamp\\":\\"\\"}],\\"localizedDivision\\":\\"\\"}}"`;

exports[`/profile/ladder/:regionId/:realmId/:profileId/:ladderId (Redis enabled) returns correct response when refresh is set to true 1`] = `"{\\"status\\":200,\\"data\\":{\\"ladderTeams\\":[{\\"teamMembers\\":[{\\"id\\":\\"\\",\\"displayName\\":\\"sample ladder object\\",\\"clanTag\\":\\"\\"}],\\"previousRank\\":\\"\\",\\"points\\":\\"\\",\\"wins\\":\\"\\",\\"losses\\":\\"\\",\\"mmr\\":\\"\\",\\"joinTimestamp\\":\\"\\"}],\\"localizedDivision\\":\\"\\"}}"`;
