// Jest Snapshot v1, https://goo.gl/fbAQLP

exports[`MainService should get status 1`] = `
{
  "endpoints": {
    "getGrandmaster": {
      "method": "GET",
      "url": "/ladder/grandmaster/:regionId",
    },
    "getLadderSummary": {
      "method": "GET",
      "url": "/profile/laddersummary/:regionId/:realmId/:profileId",
    },
    "getLeague": {
      "method": "GET",
      "url": "/data/league/:seasonId/:queueId/:teamType/:leagueId",
    },
    "getLegacyAchievements": {
      "method": "GET",
      "url": "/achievements/:regionId",
    },
    "getLegacyLadder": {
      "method": "GET",
      "url": "/legacy/ladder/:ladderId",
    },
    "getLegacyLadders": {
      "method": "GET",
      "url": "/legacy/ladders/:regionId/:realmId/:profileId",
    },
    "getLegacyMatches": {
      "method": "GET",
      "url": "/legacy/matches/:regionId/:realmId/:profileId",
    },
    "getLegacyProfile": {
      "method": "GET",
      "url": "/legacy/profile/:regionId/:realmId/:profileId",
    },
    "getMetadata": {
      "method": "GET",
      "url": "/profile/metadata/:regionId/:realmId/:profileId",
    },
    "getPlayerLadder": {
      "method": "GET",
      "url": "/profile/ladder/:regionId/:realmId/:profileId/:ladderId",
    },
    "getProfile": {
      "method": "GET",
      "url": "/profile/profile/:regionId/:realmId/:profileId",
    },
    "getSeason": {
      "method": "GET",
      "url": "/ladder/season/:regionId",
    },
    "getStatic": {
      "method": "GET",
      "url": "/profile/static/:regionId",
    },
    "status": {
      "method": "GET",
      "url": "/status",
    },
  },
  "name": "sc2-api-service",
}
`;
