// Jest Snapshot v1, https://goo.gl/fbAQLP

exports[`/ladder/grandmaster/:regionId (Redis enabled) response is cached correctly 1`] = `"{\\"status\\":200,\\"data\\":{\\"ladderTeams\\":[{\\"teamMembers\\":[{\\"displayName\\":\\"sample grandmaster leaderboard object\\"}]}]}}"`;

exports[`/ladder/grandmaster/:regionId (Redis enabled) returns correct response 1`] = `"{\\"status\\":200,\\"data\\":{\\"ladderTeams\\":[{\\"teamMembers\\":[{\\"id\\":\\"\\",\\"displayName\\":\\"sample grandmaster leaderboard object\\",\\"clanTag\\":\\"\\"}],\\"previousRank\\":\\"\\",\\"points\\":\\"\\",\\"wins\\":\\"\\",\\"losses\\":\\"\\",\\"mmr\\":\\"\\",\\"joinTimestamp\\":\\"\\"}]}}"`;

exports[`/ladder/grandmaster/:regionId (Redis enabled) returns correct response when refresh is set to true 1`] = `"{\\"status\\":200,\\"data\\":{\\"ladderTeams\\":[{\\"teamMembers\\":[{\\"id\\":\\"\\",\\"displayName\\":\\"sample grandmaster leaderboard object\\",\\"clanTag\\":\\"\\"}],\\"previousRank\\":\\"\\",\\"points\\":\\"\\",\\"wins\\":\\"\\",\\"losses\\":\\"\\",\\"mmr\\":\\"\\",\\"joinTimestamp\\":\\"\\"}]}}"`;
